Copyright 1986-2018 Xilinx, Inc. All Rights Reserved.
-------------------------------------------------------------------------------------------
| Tool Version : Vivado v.2018.1 (win64) Build 2188600 Wed Apr  4 18:40:38 MDT 2018
| Date         : Fri May 25 00:33:53 2018
| Host         : PCSTUDIO running 64-bit major release  (build 9200)
| Command      : report_control_sets -verbose -file logicagenerale_control_sets_placed.rpt
| Design       : logicagenerale
| Device       : xc7a100t
-------------------------------------------------------------------------------------------

Control Set Information

Table of Contents
-----------------
1. Summary
2. Histogram
3. Flip-Flop Distribution
4. Detailed Control Set Information

1. Summary
----------

+----------------------------------------------------------+-------+
|                          Status                          | Count |
+----------------------------------------------------------+-------+
| Number of unique control sets                            |    25 |
| Unused register locations in slices containing registers |   115 |
+----------------------------------------------------------+-------+


2. Histogram
------------

+--------+--------------+
| Fanout | Control Sets |
+--------+--------------+
|      1 |            6 |
|      2 |            2 |
|      6 |            1 |
|      7 |            1 |
|      9 |            1 |
|     10 |            2 |
|     11 |            3 |
|     13 |            5 |
|    16+ |            4 |
+--------+--------------+


3. Flip-Flop Distribution
-------------------------

+--------------+-----------------------+------------------------+-----------------+--------------+
| Clock Enable | Synchronous Set/Reset | Asynchronous Set/Reset | Total Registers | Total Slices |
+--------------+-----------------------+------------------------+-----------------+--------------+
| No           | No                    | No                     |              62 |           21 |
| No           | No                    | Yes                    |              34 |           11 |
| No           | Yes                   | No                     |               3 |            3 |
| Yes          | No                    | No                     |              54 |           22 |
| Yes          | No                    | Yes                    |             277 |           86 |
| Yes          | Yes                   | No                     |              15 |            5 |
+--------------+-----------------------+------------------------+-----------------+--------------+


4. Detailed Control Set Information
-----------------------------------

+--------------------------------+---------------------------------+---------------------------------+------------------+----------------+
|          Clock Signal          |          Enable Signal          |         Set/Reset Signal        | Slice Load Count | Bel Load Count |
+--------------------------------+---------------------------------+---------------------------------+------------------+----------------+
|  ck_IBUF_BUFG                  |                                 | MOVIMENTO/r_i_1_n_0             |                1 |              1 |
|  ck_IBUF_BUFG                  |                                 | MOVIMENTO/s_i_1_n_0             |                1 |              1 |
|  VGA/enROM_reg_i_1_n_0         |                                 | VGA/enROM_reg_i_2_n_0           |                1 |              1 |
|  MOVIMENTO/enable2_reg_i_1_n_0 |                                 |                                 |                1 |              1 |
|  VGA/vgaclock/inst/clk_out1    |                                 |                                 |                1 |              1 |
|  VGA/vgaclock/inst/clk_out1    | VGA/vgacmd/sincH7_out           | MOVIMENTO/blank2                |                1 |              1 |
|  ck_IBUF_BUFG                  | MOVIMENTO/u_i_2_n_0             | MOVIMENTO/u_i_1_n_0             |                1 |              2 |
|  ck_IBUF_BUFG                  | MOVIMENTO/enable1               | MOVIMENTO/blank2                |                1 |              2 |
|  ck_IBUF_BUFG                  | MOVIMENTO/testaV0               | MOVIMENTO/blank2                |                3 |              6 |
|  ck_IBUF_BUFG                  | MOVIMENTO/testaH0               | MOVIMENTO/blank2                |                3 |              7 |
|  VGA/vgaclock/inst/clk_out1    | VGA/vgacmd/addressV[8]_i_1_n_0  | MOVIMENTO/blank2                |                3 |              9 |
|  VGA/vgaclock/inst/clk_out1    | VGA/vgacmd/addressH[9]_i_1_n_0  | MOVIMENTO/blank2                |                3 |             10 |
|  VGA/vgaclock/inst/clk_out1    | VGA/vgacmd/vcount               | MOVIMENTO/blank2                |                4 |             10 |
|  ck_IBUF_BUFG                  | MOVIMENTO/Qv[4]_i_1_n_0         |                                 |                3 |             11 |
|  ck_IBUF_BUFG                  | MOVIMENTO/lunghezza0            | MOVIMENTO/blank2                |                3 |             11 |
|  VGA/vgaclock/inst/clk_out1    |                                 | MOVIMENTO/blank2                |                4 |             11 |
|  ck_IBUF_BUFG                  | MOVIMENTO/Qh1                   | MOVIMENTO/blank2                |                4 |             13 |
|  ck_IBUF_BUFG                  | MOVIMENTO/addRAM[12]_i_1_n_0    |                                 |                3 |             13 |
|  ck_IBUF_BUFG                  | MOVIMENTO/coda[12]_i_1_n_0      |                                 |               13 |             13 |
|  ck_IBUF_BUFG                  | MOVIMENTO/deleteRAM[12]_i_2_n_0 | MOVIMENTO/deleteRAM[12]_i_1_n_0 |                4 |             13 |
|  VGA/enROM_reg_i_1_n_0         |                                 |                                 |                5 |             13 |
|  ck_IBUF_BUFG                  | MOVIMENTO/E[0]                  |                                 |                3 |             17 |
|  ck_IBUF_BUFG                  |                                 | MOVIMENTO/blank2                |                7 |             23 |
|  ck_IBUF_BUFG                  |                                 |                                 |               14 |             47 |
|  ck_IBUF_BUFG                  | MOVIMENTO/enable2               | MOVIMENTO/blank2                |               61 |            208 |
+--------------------------------+---------------------------------+---------------------------------+------------------+----------------+


